INFO:  latexindent.pl version 4.0.2, 2026-06-06, a script to indent .tex files
       latexindent.pl lives here: /opt/homebrew/Cellar/latexindent/4.0.2_1/libexec/bin/
       Sun Aug 23 15:49:39 2026
       Filename: /Users/jmarquezol/Desktop/masters/master-thesis-BSC/thesis/__latexindent_temp_cft.tex
INFO:  Processing switches:
       -y|--yaml: YAML settings specified via command line
       -c|--cruft: cruft directory
INFO:  Directory for backup files and log file /Users/jmarquezol/Desktop/masters/master-thesis-BSC/presentation/indent.log:
       /Users/jmarquezol/Desktop/masters/master-thesis-BSC/presentation/
INFO:  Perl modules are being loaded from the following directories:
       /opt/homebrew/opt/perl/lib/perl5/5.44/FindBin.pm
       /opt/homebrew/Cellar/latexindent/4.0.2_1/libexec/lib/perl5/YAML/Tiny.pm
       /opt/homebrew/opt/perl/lib/perl5/5.44/File/Copy.pm
       /opt/homebrew/opt/perl/lib/perl5/5.44/File/Basename.pm
       /opt/homebrew/opt/perl/lib/perl5/5.44/Getopt/Long.pm
       /opt/homebrew/Cellar/latexindent/4.0.2_1/libexec/lib/perl5/File/HomeDir.pm
INFO:  LatexIndent perl modules are being loaded from, for example:
       /opt/homebrew/Cellar/latexindent/4.0.2_1/libexec/lib/perl5/LatexIndent/Document.pm
INFO:  YAML settings read: defaultSettings.yaml
       Reading defaultSettings.yaml from /opt/homebrew/Cellar/latexindent/4.0.2_1/libexec/bin/defaultSettings.yaml
INFO:  YAML reading settings
       Home directory is /Users/jmarquezol
       latexindent.pl didn't find indentconfig.yaml or .indentconfig.yaml
       see all possible locations: https://latexindentpl.readthedocs.io/en/latest/sec-appendices.html#indentconfig-options
INFO:  YAML settings read: -y switch
       YAML setting: defaultIndent:'  '
       single-quoted string found in -y switch: '  ', substitute to   
       Updating mainSetting with defaultIndent:   
INFO:  Output routine:
       Not outputting to file; see -w and -o switches for more options.
       --------------
INFO:  Please direct all communication/issues to:
       https://github.com/cmhughes/latexindent.pl
       documentation: https://latexindentpl.readthedocs.io/en/latest/
