load JULIA/1.12.0 (PATH, LD_LIBRARY_PATH, LIBRARY_PATH, C_INCLUDE_PATH,
CPLUS_INCLUDE_PATH, MANPATH) 
Precompiling packages...
    IntelOpenMP_jll Being precompiled by another process (pid: 3364624, pidfile: /home/bsc/bsc948371/.julia/compiled/v1.12/IntelOpenMP_jll/3Hg0P_3NBx9.ji.pidfile)
    oneTBB_jll Being precompiled by another process (pid: 3364624, pidfile: /home/bsc/bsc948371/.julia/compiled/v1.12/oneTBB_jll/S2snd_3NBx9.ji.pidfile)
   2136.8 ms  ✓ IntelOpenMP_jll
   1158.0 ms  ✓ oneTBB_jll
    MKL_jll Being precompiled by another process (pid: 3364624, pidfile: /home/bsc/bsc948371/.julia/compiled/v1.12/MKL_jll/DHEix_3NBx9.ji.pidfile)
   2747.3 ms  ✓ MKL_jll
    MKL Being precompiled by another process (pid: 3364624, pidfile: /home/bsc/bsc948371/.julia/compiled/v1.12/MKL/tDGGv_3NBx9.ji.pidfile)
   1142.0 ms  ✓ MKL
  4 dependencies successfully precompiled in 6 seconds. 29 already precompiled.
[ Info: Checking symmetry MPO tensor on physical(space) => bond(time) indices
┌ Warning: Tensor *not* symmetric (dim=2|id=49|"S=1/2,Site") <-> (dim=2|id=49|"S=1/2,Site")', normdiff = 0.2034249757191385
└ @ ITransverse ~/.julia/packages/ITransverse/8pmYI/src/ITenUtils/itensor_utils.jl:93
[ Info: Checking symmetry MPO tensor on bond(space) => phys(time) indices
┌ Warning: Tensor *not* symmetric (dim=7|id=648|"Link,l=1") <-> (dim=7|id=937|"Link,l=2"), normdiff = 1.1566412865695994
└ @ ITransverse ~/.julia/packages/ITransverse/8pmYI/src/ITenUtils/itensor_utils.jl:93
[ Info: Checking symmetry MPO tensor on physical(space) => bond(time) indices
┌ Warning: Tensor *not* symmetric (dim=2|id=716|"S=1/2,Site") <-> (dim=2|id=716|"S=1/2,Site")', normdiff = 0.2034249757191385
└ @ ITransverse ~/.julia/packages/ITransverse/8pmYI/src/ITenUtils/itensor_utils.jl:93
[ Info: Checking symmetry MPO tensor on bond(space) => phys(time) indices
┌ Warning: Tensor *not* symmetric (dim=7|id=751|"Link,l=1") <-> (dim=7|id=567|"Link,l=2"), normdiff = 1.4350175351861996
└ @ ITransverse ~/.julia/packages/ITransverse/8pmYI/src/ITenUtils/itensor_utils.jl:93
[ Info: [rdm64] T=3.0  converged@27  |θ0|=1.5530  peak=0.2387  r=[0.025,0.027,0.023,0.025]  85s
