ERROR: LoadError: ArgumentError: cannot parse "3.0 2.0" as Float64
Stacktrace:
  [1] _parse_failure(T::Type, s::String, startpos::Int64, endpos::Int64)
    @ Base ./parse.jl:388
  [2] #tryparse_internal#474
    @ ./parse.jl:384 [inlined]
  [3] tryparse_internal
    @ ./parse.jl:381 [inlined]
  [4] parse
    @ ./parse.jl:394 [inlined]
  [5] _broadcast_getindex_evalf
    @ ./broadcast.jl:699 [inlined]
  [6] _broadcast_getindex
    @ ./broadcast.jl:682 [inlined]
  [7] _getindex
    @ ./broadcast.jl:620 [inlined]
  [8] getindex
    @ ./broadcast.jl:616 [inlined]
  [9] macro expansion
    @ ./broadcast.jl:995 [inlined]
 [10] macro expansion
    @ ./simdloop.jl:77 [inlined]
 [11] copyto!
    @ ./broadcast.jl:994 [inlined]
 [12] copyto!
    @ ./broadcast.jl:947 [inlined]
 [13] copy
    @ ./broadcast.jl:919 [inlined]
 [14] materialize(bc::Base.Broadcast.Broadcasted{Base.Broadcast.DefaultArrayStyle{1}, Nothing, typeof(parse), Tuple{Base.RefValue{Type{Float64}}, Vector{String}}})
    @ Base.Broadcast ./broadcast.jl:894
 [15] top-level scope
    @ ~/Desktop/masters/master-thesis-BSC/scripts/analysis/seedens.jl:21
 [16] include(mod::Module, _path::String)
    @ Base ./Base.jl:306
 [17] exec_options(opts::Base.JLOptions)
    @ Base ./client.jl:317
 [18] _start()
    @ Base ./client.jl:550
in expression starting at /Users/jmarquezol/Desktop/masters/master-thesis-BSC/scripts/analysis/seedens.jl:21
