load JULIA/1.12.0 (PATH, LD_LIBRARY_PATH, LIBRARY_PATH, C_INCLUDE_PATH,
CPLUS_INCLUDE_PATH, MANPATH) 
Precompiling packages...
    IntelOpenMP_jll Being precompiled by another machine (hostname: gs02r3b01, pid: 3876001, pidfile: /home/bsc/bsc948371/.julia/compiled/v1.12/IntelOpenMP_jll/3Hg0P_3NBx9.ji.pidfile)
    oneTBB_jll Being precompiled by another machine (hostname: gs02r3b01, pid: 3876001, pidfile: /home/bsc/bsc948371/.julia/compiled/v1.12/oneTBB_jll/S2snd_3NBx9.ji.pidfile)
  10051.1 ms  ✓ oneTBB_jll
  11045.9 ms  ✓ IntelOpenMP_jll
   1411.8 ms  ✓ MKL_jll
   1189.2 ms  ✓ MKL
  4 dependencies successfully precompiled in 14 seconds. 29 already precompiled.
[ Info: Checking symmetry MPO tensor on physical(space) => bond(time) indices
┌ Warning: Tensor *not* symmetric (dim=2|id=930|"S=1/2,Site") <-> (dim=2|id=930|"S=1/2,Site")', normdiff = 0.2034249757191385
└ @ ITransverse ~/.julia/packages/ITransverse/8pmYI/src/ITenUtils/itensor_utils.jl:93
[ Info: Checking symmetry MPO tensor on bond(space) => phys(time) indices
┌ Warning: Tensor *not* symmetric (dim=7|id=69|"Link,l=1") <-> (dim=7|id=623|"Link,l=2"), normdiff = 1.1566412865695994
└ @ ITransverse ~/.julia/packages/ITransverse/8pmYI/src/ITenUtils/itensor_utils.jl:93
[ Info: Checking symmetry MPO tensor on physical(space) => bond(time) indices
┌ Warning: Tensor *not* symmetric (dim=2|id=880|"S=1/2,Site") <-> (dim=2|id=880|"S=1/2,Site")', normdiff = 0.2034249757191385
└ @ ITransverse ~/.julia/packages/ITransverse/8pmYI/src/ITenUtils/itensor_utils.jl:93
[ Info: Checking symmetry MPO tensor on bond(space) => phys(time) indices
┌ Warning: Tensor *not* symmetric (dim=7|id=359|"Link,l=1") <-> (dim=7|id=502|"Link,l=2"), normdiff = 1.4350175351861996
└ @ ITransverse ~/.julia/packages/ITransverse/8pmYI/src/ITenUtils/itensor_utils.jl:93
┌ Warning: norm² is 1.2435981673531025 - 3.0082464717804525e-15im, which is not real up to a relative tolerance of 2.220446049250313e-15 and an absolute tolerance of 2.220446049250313e-15. Taking the real part, which may not be accurate.
└ @ ITensorMPS ~/.julia/packages/ITensorMPS/fZDBz/src/abstractmps.jl:1246
┌ Warning: log(norm²) is 0.8756814612052786 - 2.268237725114095e-15im, which is not real up to a relative tolerance of 2.220446049250313e-15 and an absolute tolerance of 2.220446049250313e-15. Taking the real part, which may not be accurate.
└ @ ITensorMPS ~/.julia/packages/ITensorMPS/fZDBz/src/abstractmps.jl:1271
┌ Warning: log(norm²) is 0.8749485625835747 - 2.418730191597633e-15im, which is not real up to a relative tolerance of 2.220446049250313e-15 and an absolute tolerance of 2.220446049250313e-15. Taking the real part, which may not be accurate.
└ @ ITensorMPS ~/.julia/packages/ITensorMPS/fZDBz/src/abstractmps.jl:1271
[ Info: [cut_tight] T=5.0  converged@121  |θ0|=1.5489  peak=0.2846  r=[0.0021,0.0024,0.0022,0.0024]  543s
