unload bsc/1.0 (PATH, MANPATH)
unload UCX/1.15.0 (PATH, LD_LIBRARY_PATH, LIBRARY_PATH, C_INCLUDE_PATH,
CPLUS_INCLUDE_PATH) 
remove mkl/2023.2.0 (LD_LIBRARY_PATH)
remove impi/2021.10.0 (PATH, MANPATH, LD_LIBRARY_PATH)
load JULIA/1.12.0 (PATH, LD_LIBRARY_PATH, LIBRARY_PATH, C_INCLUDE_PATH,
CPLUS_INCLUDE_PATH, MANPATH) 
Lmod has detected the following error: Cannot load module "julia/1.12.0"
without these module(s) loaded:
   intel

While processing the following module(s):
    Module fullname  Module Filename
    ---------------  ---------------
    julia/1.12.0     /apps/GPP/modulefiles/environment/julia/1.12.0.lua

ERROR: LoadError: ArgumentError: Package Glob not found in current path.
- Run `import Pkg; Pkg.add("Glob")` to install the Glob package.
Stacktrace:
 [1] macro expansion
   @ ./loading.jl:2403 [inlined]
 [2] macro expansion
   @ ./lock.jl:376 [inlined]
 [3] __require(into::Module, mod::Symbol)
   @ Base ./loading.jl:2386
 [4] require(into::Module, mod::Symbol)
   @ Base ./loading.jl:2362
 [5] include(mod::Module, _path::String)
   @ Base ./Base.jl:306
 [6] exec_options(opts::Base.JLOptions)
   @ Base ./client.jl:317
 [7] _start()
   @ Base ./client.jl:550
in expression starting at /gpfs/projects/bsc21/bsc948371/joaquin/master-thesis-BSC/cluster/rtm_array/collect.jl:2
