
p=0.5 bulk5    dim=2197  mixed eigenvectors=339
   top of each sector (|mu|, dphi/pi, charge):
   -1  |mu|=0.94957  dphi/pi=+0.0000
   +1  |mu|=0.50065  dphi/pi=+0.2684
   +1  |mu|=0.28271  dphi/pi=-0.9132
   +1  |mu|=0.20845  dphi/pi=+0.4496
   -1  |mu|=0.16250  dphi/pi=+0.4750
   +1  |mu|=0.12421  dphi/pi=-0.5765
   -1  |mu|=0.12385  dphi/pi=-0.3176
   +1  |mu|=0.09607  dphi/pi=+0.4732
   -1  |mu|=0.09299  dphi/pi=+0.2867
   -1  |mu|=0.08834  dphi/pi=+0.9982

p=0.5 legacy3  dim=343  mixed eigenvectors=0
   top of each sector (|mu|, dphi/pi, charge):
   -1  |mu|=0.95842  dphi/pi=-0.0000
   +1  |mu|=0.56252  dphi/pi=-0.8522
   +1  |mu|=0.42431  dphi/pi=-0.9975
   +1  |mu|=0.37882  dphi/pi=-0.9756
   -1  |mu|=0.33997  dphi/pi=+0.2208
   -1  |mu|=0.25610  dphi/pi=+0.1289
   -1  |mu|=0.24147  dphi/pi=+0.1496
   -1  |mu|=0.19060  dphi/pi=-0.0128
   +1  |mu|=0.17675  dphi/pi=-0.7440
   +1  |mu|=0.13220  dphi/pi=-0.8286

p=0.1 bulk5    dim=2197  mixed eigenvectors=335
   top of each sector (|mu|, dphi/pi, charge):
   +1  |mu|=0.95939  dphi/pi=+0.0000
   -1  |mu|=0.33676  dphi/pi=+0.3555
   -1  |mu|=0.08724  dphi/pi=-0.9468
   -1  |mu|=0.07481  dphi/pi=+0.5324
   +1  |mu|=0.04349  dphi/pi=+0.5834
   -1  |mu|=0.04142  dphi/pi=-0.6150
   -1  |mu|=0.03316  dphi/pi=+0.5061
   +1  |mu|=0.02979  dphi/pi=-0.2514
   +1  |mu|=0.01826  dphi/pi=-0.8640
   +1  |mu|=0.01618  dphi/pi=+0.6522

p=0.1 legacy3  dim=343  mixed eigenvectors=0
   top of each sector (|mu|, dphi/pi, charge):
   +1  |mu|=0.95982  dphi/pi=+0.0000
   -1  |mu|=0.32633  dphi/pi=-0.6651
   -1  |mu|=0.08823  dphi/pi=+0.9996
   +1  |mu|=0.05498  dphi/pi=+0.4276
   -1  |mu|=0.03606  dphi/pi=-0.8721
   -1  |mu|=0.03595  dphi/pi=+0.9316
   +1  |mu|=0.03323  dphi/pi=+0.3131
   +1  |mu|=0.02931  dphi/pi=+0.3449
   +1  |mu|=0.02368  dphi/pi=-0.3260
   -1  |mu|=0.00833  dphi/pi=-0.4042
[ Info: Checking symmetry MPO tensor on physical(space) => bond(time) indices
┌ Warning: Tensor *not* symmetric (dim=2|id=134|"S=1/2,Site") <-> (dim=2|id=134|"S=1/2,Site")', normdiff = 0.27616420236277306
└ @ ITransverse ~/.julia/packages/ITransverse/8pmYI/src/ITenUtils/itensor_utils.jl:93
[ Info: Checking symmetry MPO tensor on bond(space) => phys(time) indices
┌ Warning: Tensor *not* symmetric (dim=7|id=849|"Link,l=1") <-> (dim=7|id=908|"Link,l=2"), normdiff = 1.3391131620216263
└ @ ITransverse ~/.julia/packages/ITransverse/8pmYI/src/ITenUtils/itensor_utils.jl:93
[ Info: Checking symmetry MPO tensor on physical(space) => bond(time) indices
┌ Warning: Tensor *not* symmetric (dim=2|id=612|"S=1/2,Site") <-> (dim=2|id=612|"S=1/2,Site")', normdiff = 0.27616420236277306
└ @ ITransverse ~/.julia/packages/ITransverse/8pmYI/src/ITenUtils/itensor_utils.jl:93
[ Info: Checking symmetry MPO tensor on bond(space) => phys(time) indices
┌ Warning: Tensor *not* symmetric (dim=7|id=648|"Link,l=1") <-> (dim=7|id=946|"Link,l=2"), normdiff = 1.564254623300947
└ @ ITransverse ~/.julia/packages/ITransverse/8pmYI/src/ITenUtils/itensor_utils.jl:93
[ Info: Checking symmetry MPO tensor on physical(space) => bond(time) indices
┌ Warning: Tensor *not* symmetric (dim=2|id=676|"S=1/2,Site") <-> (dim=2|id=676|"S=1/2,Site")', normdiff = 0.27616420236277306
└ @ ITransverse ~/.julia/packages/ITransverse/8pmYI/src/ITenUtils/itensor_utils.jl:93
[ Info: Checking symmetry MPO tensor on bond(space) => phys(time) indices
┌ Warning: Tensor *not* symmetric (dim=7|id=469|"Link,l=1") <-> (dim=7|id=80|"Link,l=2"), normdiff = 1.3391131620216263
└ @ ITransverse ~/.julia/packages/ITransverse/8pmYI/src/ITenUtils/itensor_utils.jl:93
[ Info: Checking symmetry MPO tensor on physical(space) => bond(time) indices
┌ Warning: Tensor *not* symmetric (dim=2|id=635|"S=1/2,Site") <-> (dim=2|id=635|"S=1/2,Site")', normdiff = 0.27616420236277306
└ @ ITransverse ~/.julia/packages/ITransverse/8pmYI/src/ITenUtils/itensor_utils.jl:93
[ Info: Checking symmetry MPO tensor on bond(space) => phys(time) indices
┌ Warning: Tensor *not* symmetric (dim=7|id=268|"Link,l=1") <-> (dim=7|id=492|"Link,l=2"), normdiff = 1.564254623300947
└ @ ITransverse ~/.julia/packages/ITransverse/8pmYI/src/ITenUtils/itensor_utils.jl:93
[ Info: Checking symmetry MPO tensor on physical(space) => bond(time) indices
┌ Warning: Tensor *not* symmetric (dim=2|id=251|"S=1/2,Site") <-> (dim=2|id=251|"S=1/2,Site")', normdiff = 0.27616420236277306
└ @ ITransverse ~/.julia/packages/ITransverse/8pmYI/src/ITenUtils/itensor_utils.jl:93
[ Info: Checking symmetry MPO tensor on bond(space) => phys(time) indices
┌ Warning: Tensor *not* symmetric (dim=7|id=977|"Link,l=1") <-> (dim=7|id=310|"Link,l=2"), normdiff = 1.3391131620216263
└ @ ITransverse ~/.julia/packages/ITransverse/8pmYI/src/ITenUtils/itensor_utils.jl:93
[ Info: Checking symmetry MPO tensor on physical(space) => bond(time) indices
┌ Warning: Tensor *not* symmetric (dim=2|id=712|"S=1/2,Site") <-> (dim=2|id=712|"S=1/2,Site")', normdiff = 0.27616420236277306
└ @ ITransverse ~/.julia/packages/ITransverse/8pmYI/src/ITenUtils/itensor_utils.jl:93
[ Info: Checking symmetry MPO tensor on bond(space) => phys(time) indices
┌ Warning: Tensor *not* symmetric (dim=7|id=717|"Link,l=1") <-> (dim=7|id=196|"Link,l=2"), normdiff = 1.564254623300947
└ @ ITransverse ~/.julia/packages/ITransverse/8pmYI/src/ITenUtils/itensor_utils.jl:93
[ Info: Checking symmetry MPO tensor on physical(space) => bond(time) indices
┌ Warning: Tensor *not* symmetric (dim=2|id=547|"S=1/2,Site") <-> (dim=2|id=547|"S=1/2,Site")', normdiff = 0.27616420236277306
└ @ ITransverse ~/.julia/packages/ITransverse/8pmYI/src/ITenUtils/itensor_utils.jl:93
[ Info: Checking symmetry MPO tensor on bond(space) => phys(time) indices
┌ Warning: Tensor *not* symmetric (dim=7|id=963|"Link,l=1") <-> (dim=7|id=143|"Link,l=2"), normdiff = 1.3391131620216263
└ @ ITransverse ~/.julia/packages/ITransverse/8pmYI/src/ITenUtils/itensor_utils.jl:93
[ Info: Checking symmetry MPO tensor on physical(space) => bond(time) indices
┌ Warning: Tensor *not* symmetric (dim=2|id=9|"S=1/2,Site") <-> (dim=2|id=9|"S=1/2,Site")', normdiff = 0.27616420236277306
└ @ ITransverse ~/.julia/packages/ITransverse/8pmYI/src/ITenUtils/itensor_utils.jl:93
[ Info: Checking symmetry MPO tensor on bond(space) => phys(time) indices
┌ Warning: Tensor *not* symmetric (dim=7|id=992|"Link,l=1") <-> (dim=7|id=582|"Link,l=2"), normdiff = 1.564254623300947
└ @ ITransverse ~/.julia/packages/ITransverse/8pmYI/src/ITenUtils/itensor_utils.jl:93
[ Info: Checking symmetry MPO tensor on physical(space) => bond(time) indices
┌ Warning: Tensor *not* symmetric (dim=2|id=641|"S=1/2,Site") <-> (dim=2|id=641|"S=1/2,Site")', normdiff = 0.2034249757191385
└ @ ITransverse ~/.julia/packages/ITransverse/8pmYI/src/ITenUtils/itensor_utils.jl:93
[ Info: Checking symmetry MPO tensor on bond(space) => phys(time) indices
┌ Warning: Tensor *not* symmetric (dim=7|id=749|"Link,l=1") <-> (dim=7|id=401|"Link,l=2"), normdiff = 1.1566412865695994
└ @ ITransverse ~/.julia/packages/ITransverse/8pmYI/src/ITenUtils/itensor_utils.jl:93
[ Info: Checking symmetry MPO tensor on physical(space) => bond(time) indices
┌ Warning: Tensor *not* symmetric (dim=2|id=301|"S=1/2,Site") <-> (dim=2|id=301|"S=1/2,Site")', normdiff = 0.2034249757191385
└ @ ITransverse ~/.julia/packages/ITransverse/8pmYI/src/ITenUtils/itensor_utils.jl:93
[ Info: Checking symmetry MPO tensor on bond(space) => phys(time) indices
┌ Warning: Tensor *not* symmetric (dim=7|id=714|"Link,l=1") <-> (dim=7|id=71|"Link,l=2"), normdiff = 1.4350175351861996
└ @ ITransverse ~/.julia/packages/ITransverse/8pmYI/src/ITenUtils/itensor_utils.jl:93
[ Info: Checking symmetry MPO tensor on physical(space) => bond(time) indices
┌ Warning: Tensor *not* symmetric (dim=2|id=230|"S=1/2,Site") <-> (dim=2|id=230|"S=1/2,Site")', normdiff = 0.2034249757191385
└ @ ITransverse ~/.julia/packages/ITransverse/8pmYI/src/ITenUtils/itensor_utils.jl:93
[ Info: Checking symmetry MPO tensor on bond(space) => phys(time) indices
┌ Warning: Tensor *not* symmetric (dim=7|id=567|"Link,l=1") <-> (dim=7|id=564|"Link,l=2"), normdiff = 1.1566412865695994
└ @ ITransverse ~/.julia/packages/ITransverse/8pmYI/src/ITenUtils/itensor_utils.jl:93
[ Info: Checking symmetry MPO tensor on physical(space) => bond(time) indices
┌ Warning: Tensor *not* symmetric (dim=2|id=938|"S=1/2,Site") <-> (dim=2|id=938|"S=1/2,Site")', normdiff = 0.2034249757191385
└ @ ITransverse ~/.julia/packages/ITransverse/8pmYI/src/ITenUtils/itensor_utils.jl:93
[ Info: Checking symmetry MPO tensor on bond(space) => phys(time) indices
┌ Warning: Tensor *not* symmetric (dim=7|id=939|"Link,l=1") <-> (dim=7|id=807|"Link,l=2"), normdiff = 1.4350175351861996
└ @ ITransverse ~/.julia/packages/ITransverse/8pmYI/src/ITenUtils/itensor_utils.jl:93
[ Info: Checking symmetry MPO tensor on physical(space) => bond(time) indices
┌ Warning: Tensor *not* symmetric (dim=2|id=170|"S=1/2,Site") <-> (dim=2|id=170|"S=1/2,Site")', normdiff = 0.2034249757191385
└ @ ITransverse ~/.julia/packages/ITransverse/8pmYI/src/ITenUtils/itensor_utils.jl:93
[ Info: Checking symmetry MPO tensor on bond(space) => phys(time) indices
┌ Warning: Tensor *not* symmetric (dim=7|id=502|"Link,l=1") <-> (dim=7|id=826|"Link,l=2"), normdiff = 1.1566412865695994
└ @ ITransverse ~/.julia/packages/ITransverse/8pmYI/src/ITenUtils/itensor_utils.jl:93
[ Info: Checking symmetry MPO tensor on physical(space) => bond(time) indices
┌ Warning: Tensor *not* symmetric (dim=2|id=75|"S=1/2,Site") <-> (dim=2|id=75|"S=1/2,Site")', normdiff = 0.2034249757191385
└ @ ITransverse ~/.julia/packages/ITransverse/8pmYI/src/ITenUtils/itensor_utils.jl:93
[ Info: Checking symmetry MPO tensor on bond(space) => phys(time) indices
┌ Warning: Tensor *not* symmetric (dim=7|id=212|"Link,l=1") <-> (dim=7|id=437|"Link,l=2"), normdiff = 1.4350175351861996
└ @ ITransverse ~/.julia/packages/ITransverse/8pmYI/src/ITenUtils/itensor_utils.jl:93
[ Info: Checking symmetry MPO tensor on physical(space) => bond(time) indices
┌ Warning: Tensor *not* symmetric (dim=2|id=123|"S=1/2,Site") <-> (dim=2|id=123|"S=1/2,Site")', normdiff = 0.2034249757191385
└ @ ITransverse ~/.julia/packages/ITransverse/8pmYI/src/ITenUtils/itensor_utils.jl:93
[ Info: Checking symmetry MPO tensor on bond(space) => phys(time) indices
┌ Warning: Tensor *not* symmetric (dim=7|id=612|"Link,l=1") <-> (dim=7|id=213|"Link,l=2"), normdiff = 1.1566412865695994
└ @ ITransverse ~/.julia/packages/ITransverse/8pmYI/src/ITenUtils/itensor_utils.jl:93
[ Info: Checking symmetry MPO tensor on physical(space) => bond(time) indices
┌ Warning: Tensor *not* symmetric (dim=2|id=698|"S=1/2,Site") <-> (dim=2|id=698|"S=1/2,Site")', normdiff = 0.2034249757191385
└ @ ITransverse ~/.julia/packages/ITransverse/8pmYI/src/ITenUtils/itensor_utils.jl:93
[ Info: Checking symmetry MPO tensor on bond(space) => phys(time) indices
┌ Warning: Tensor *not* symmetric (dim=7|id=135|"Link,l=1") <-> (dim=7|id=263|"Link,l=2"), normdiff = 1.4350175351861996
└ @ ITransverse ~/.julia/packages/ITransverse/8pmYI/src/ITenUtils/itensor_utils.jl:93
CENSUS-DONE
DONE
