[ Info: Checking symmetry MPO tensor on physical(space) => bond(time) indices
[ Info: Tensor symmetric (dim=2|id=224|"S=1/2,Site") <-> (dim=2|id=224|"S=1/2,Site")'
[ Info: Checking symmetry MPO tensor on bond(space) => phys(time) indices
┌ Warning: Tensor *not* symmetric (dim=3|id=596|"Link,l=1") <-> (dim=3|id=183|"Link,l=2"), normdiff = 0.944688073151956
└ @ ITransverse ~/.julia/packages/ITransverse/8pmYI/src/ITenUtils/itensor_utils.jl:93
[ Info: Checking symmetry MPO tensor on physical(space) => bond(time) indices
[ Info: Tensor symmetric (dim=2|id=555|"S=1/2,Site") <-> (dim=2|id=555|"S=1/2,Site")'
[ Info: Checking symmetry MPO tensor on bond(space) => phys(time) indices
┌ Warning: Tensor *not* symmetric (dim=3|id=665|"Link,l=1") <-> (dim=3|id=903|"Link,l=2"), normdiff = 0.10493384159131464
└ @ ITransverse ~/.julia/packages/ITransverse/8pmYI/src/ITenUtils/itensor_utils.jl:93
[ Info: Checking symmetry MPO tensor on physical(space) => bond(time) indices
┌ Warning: Tensor *not* symmetric (dim=2|id=990|"S=1/2,Site") <-> (dim=2|id=990|"S=1/2,Site")', normdiff = 0.2034249757191385
└ @ ITransverse ~/.julia/packages/ITransverse/8pmYI/src/ITenUtils/itensor_utils.jl:93
[ Info: Checking symmetry MPO tensor on bond(space) => phys(time) indices
┌ Warning: Tensor *not* symmetric (dim=7|id=315|"Link,l=1") <-> (dim=7|id=677|"Link,l=2"), normdiff = 1.1566412865695994
└ @ ITransverse ~/.julia/packages/ITransverse/8pmYI/src/ITenUtils/itensor_utils.jl:93
[ Info: Checking symmetry MPO tensor on physical(space) => bond(time) indices
┌ Warning: Tensor *not* symmetric (dim=2|id=317|"S=1/2,Site") <-> (dim=2|id=317|"S=1/2,Site")', normdiff = 0.2034249757191385
└ @ ITransverse ~/.julia/packages/ITransverse/8pmYI/src/ITenUtils/itensor_utils.jl:93
[ Info: Checking symmetry MPO tensor on bond(space) => phys(time) indices
┌ Warning: Tensor *not* symmetric (dim=7|id=570|"Link,l=1") <-> (dim=7|id=231|"Link,l=2"), normdiff = 1.4350175351861996
└ @ ITransverse ~/.julia/packages/ITransverse/8pmYI/src/ITenUtils/itensor_utils.jl:93
p=0.0  D_W(H MPO) = 3
   WI: maxlinkdim(U) = 2   linkdims = [2, 2, 2, 2, 2, 2, 2, 2, 2]
   WII: maxlinkdim(U) = 2   linkdims = [2, 2, 2, 2, 2, 2, 2, 2, 2]
   VD2: maxlinkdim(U) = 3   linkdims = [3, 3, 3, 3, 3, 3, 3, 3, 3]
p=0.1  D_W(H MPO) = 5
   WI: maxlinkdim(U) = 4   linkdims = [3, 4, 4, 4, 4, 4, 4, 4, 3]
   WII: maxlinkdim(U) = 4   linkdims = [3, 4, 4, 4, 4, 4, 4, 4, 3]
   VD2: maxlinkdim(U) = 13   linkdims = [7, 13, 13, 13, 13, 13, 13, 13, 7]
tMPO p=0.0  temporal phys dims = [3]  n temporal sites = 24
tMPO p=0.1  temporal phys dims = [7]  n temporal sites = 24
ALLDONE
