p=0.5 T=2.0 sector +1 : |mu|=1.86392, 1.53983  arg=-2.6271, -1.9576  (stuck)
p=0.5 T=2.0 sector -1 : |mu|=1.83139, 1.65048  arg=-2.4773, -2.1450  (stuck)
p=0.5 T=3.0 sector +1 : |mu|=1.86386, 1.78276  arg=-0.7937, -0.3698  (stuck)
p=0.5 T=3.0 sector -1 : |mu|=1.85313, 1.80265  arg=-0.6951, -0.4812  (stuck)
[ Info: Checking symmetry MPO tensor on physical(space) => bond(time) indices
┌ Warning: Tensor *not* symmetric (dim=2|id=124|"S=1/2,Site") <-> (dim=2|id=124|"S=1/2,Site")', normdiff = 0.27616420236277306
└ @ ITransverse ~/.julia/packages/ITransverse/8pmYI/src/ITenUtils/itensor_utils.jl:93
[ Info: Checking symmetry MPO tensor on bond(space) => phys(time) indices
┌ Warning: Tensor *not* symmetric (dim=7|id=926|"Link,l=1") <-> (dim=7|id=433|"Link,l=2"), normdiff = 1.3391131620216263
└ @ ITransverse ~/.julia/packages/ITransverse/8pmYI/src/ITenUtils/itensor_utils.jl:93
[ Info: Checking symmetry MPO tensor on physical(space) => bond(time) indices
┌ Warning: Tensor *not* symmetric (dim=2|id=849|"S=1/2,Site") <-> (dim=2|id=849|"S=1/2,Site")', normdiff = 0.27616420236277306
└ @ ITransverse ~/.julia/packages/ITransverse/8pmYI/src/ITenUtils/itensor_utils.jl:93
[ Info: Checking symmetry MPO tensor on bond(space) => phys(time) indices
┌ Warning: Tensor *not* symmetric (dim=7|id=757|"Link,l=1") <-> (dim=7|id=836|"Link,l=2"), normdiff = 1.564254623300947
└ @ ITransverse ~/.julia/packages/ITransverse/8pmYI/src/ITenUtils/itensor_utils.jl:93
[ Info: Checking symmetry MPO tensor on physical(space) => bond(time) indices
┌ Warning: Tensor *not* symmetric (dim=2|id=876|"S=1/2,Site") <-> (dim=2|id=876|"S=1/2,Site")', normdiff = 0.27616420236277306
└ @ ITransverse ~/.julia/packages/ITransverse/8pmYI/src/ITenUtils/itensor_utils.jl:93
[ Info: Checking symmetry MPO tensor on bond(space) => phys(time) indices
┌ Warning: Tensor *not* symmetric (dim=7|id=767|"Link,l=1") <-> (dim=7|id=266|"Link,l=2"), normdiff = 1.3391131620216263
└ @ ITransverse ~/.julia/packages/ITransverse/8pmYI/src/ITenUtils/itensor_utils.jl:93
[ Info: Checking symmetry MPO tensor on physical(space) => bond(time) indices
┌ Warning: Tensor *not* symmetric (dim=2|id=884|"S=1/2,Site") <-> (dim=2|id=884|"S=1/2,Site")', normdiff = 0.27616420236277306
└ @ ITransverse ~/.julia/packages/ITransverse/8pmYI/src/ITenUtils/itensor_utils.jl:93
[ Info: Checking symmetry MPO tensor on bond(space) => phys(time) indices
┌ Warning: Tensor *not* symmetric (dim=7|id=690|"Link,l=1") <-> (dim=7|id=371|"Link,l=2"), normdiff = 1.564254623300947
└ @ ITransverse ~/.julia/packages/ITransverse/8pmYI/src/ITenUtils/itensor_utils.jl:93
[ Info: Checking symmetry MPO tensor on physical(space) => bond(time) indices
┌ Warning: Tensor *not* symmetric (dim=2|id=45|"S=1/2,Site") <-> (dim=2|id=45|"S=1/2,Site")', normdiff = 0.27616420236277306
└ @ ITransverse ~/.julia/packages/ITransverse/8pmYI/src/ITenUtils/itensor_utils.jl:93
[ Info: Checking symmetry MPO tensor on bond(space) => phys(time) indices
┌ Warning: Tensor *not* symmetric (dim=7|id=712|"Link,l=1") <-> (dim=7|id=59|"Link,l=2"), normdiff = 1.3391131620216263
└ @ ITransverse ~/.julia/packages/ITransverse/8pmYI/src/ITenUtils/itensor_utils.jl:93
[ Info: Checking symmetry MPO tensor on physical(space) => bond(time) indices
┌ Warning: Tensor *not* symmetric (dim=2|id=833|"S=1/2,Site") <-> (dim=2|id=833|"S=1/2,Site")', normdiff = 0.27616420236277306
└ @ ITransverse ~/.julia/packages/ITransverse/8pmYI/src/ITenUtils/itensor_utils.jl:93
[ Info: Checking symmetry MPO tensor on bond(space) => phys(time) indices
┌ Warning: Tensor *not* symmetric (dim=7|id=318|"Link,l=1") <-> (dim=7|id=837|"Link,l=2"), normdiff = 1.564254623300947
└ @ ITransverse ~/.julia/packages/ITransverse/8pmYI/src/ITenUtils/itensor_utils.jl:93
[ Info: Checking symmetry MPO tensor on physical(space) => bond(time) indices
┌ Warning: Tensor *not* symmetric (dim=2|id=170|"S=1/2,Site") <-> (dim=2|id=170|"S=1/2,Site")', normdiff = 0.27616420236277306
└ @ ITransverse ~/.julia/packages/ITransverse/8pmYI/src/ITenUtils/itensor_utils.jl:93
[ Info: Checking symmetry MPO tensor on bond(space) => phys(time) indices
┌ Warning: Tensor *not* symmetric (dim=7|id=421|"Link,l=1") <-> (dim=7|id=220|"Link,l=2"), normdiff = 1.3391131620216263
└ @ ITransverse ~/.julia/packages/ITransverse/8pmYI/src/ITenUtils/itensor_utils.jl:93
[ Info: Checking symmetry MPO tensor on physical(space) => bond(time) indices
┌ Warning: Tensor *not* symmetric (dim=2|id=21|"S=1/2,Site") <-> (dim=2|id=21|"S=1/2,Site")', normdiff = 0.27616420236277306
└ @ ITransverse ~/.julia/packages/ITransverse/8pmYI/src/ITenUtils/itensor_utils.jl:93
[ Info: Checking symmetry MPO tensor on bond(space) => phys(time) indices
┌ Warning: Tensor *not* symmetric (dim=7|id=997|"Link,l=1") <-> (dim=7|id=819|"Link,l=2"), normdiff = 1.564254623300947
└ @ ITransverse ~/.julia/packages/ITransverse/8pmYI/src/ITenUtils/itensor_utils.jl:93
[ Info: Checking symmetry MPO tensor on physical(space) => bond(time) indices
┌ Warning: Tensor *not* symmetric (dim=2|id=340|"S=1/2,Site") <-> (dim=2|id=340|"S=1/2,Site")', normdiff = 0.27616420236277306
└ @ ITransverse ~/.julia/packages/ITransverse/8pmYI/src/ITenUtils/itensor_utils.jl:93
[ Info: Checking symmetry MPO tensor on bond(space) => phys(time) indices
┌ Warning: Tensor *not* symmetric (dim=7|id=47|"Link,l=1") <-> (dim=7|id=345|"Link,l=2"), normdiff = 1.3391131620216263
└ @ ITransverse ~/.julia/packages/ITransverse/8pmYI/src/ITenUtils/itensor_utils.jl:93
[ Info: Checking symmetry MPO tensor on physical(space) => bond(time) indices
┌ Warning: Tensor *not* symmetric (dim=2|id=641|"S=1/2,Site") <-> (dim=2|id=641|"S=1/2,Site")', normdiff = 0.27616420236277306
└ @ ITransverse ~/.julia/packages/ITransverse/8pmYI/src/ITenUtils/itensor_utils.jl:93
[ Info: Checking symmetry MPO tensor on bond(space) => phys(time) indices
┌ Warning: Tensor *not* symmetric (dim=7|id=193|"Link,l=1") <-> (dim=7|id=596|"Link,l=2"), normdiff = 1.564254623300947
└ @ ITransverse ~/.julia/packages/ITransverse/8pmYI/src/ITenUtils/itensor_utils.jl:93

sector gap (odd leader / even leader) and relative phase:
T=2.0  ratio=0.9825  dphi/pi=+0.0477
T=3.0  ratio=0.9942  dphi/pi=+0.0314
KSEC-BULK-DONE
ALLDONE
