NB13-START 09:15
[NbConvertApp] Converting notebook NBs/13_bulk_column.ipynb to notebook
Starting kernel event loops.
[0mTraceback (most recent call last):
  File "/home/jmarquezol/.local/bin/jupyter-nbconvert", line 8, in <module>
    sys.exit(main())
             ^^^^^^
  File "/home/jmarquezol/.local/lib/python3.12/site-packages/jupyter_core/application.py", line 284, in launch_instance
    super().launch_instance(argv=argv, **kwargs)
  File "/home/jmarquezol/.local/lib/python3.12/site-packages/traitlets/config/application.py", line 1082, in launch_instance
    app.start()
  File "/home/jmarquezol/.local/lib/python3.12/site-packages/nbconvert/nbconvertapp.py", line 420, in start
    self.convert_notebooks()
  File "/home/jmarquezol/.local/lib/python3.12/site-packages/nbconvert/nbconvertapp.py", line 597, in convert_notebooks
    self.convert_single_notebook(notebook_filename)
  File "/home/jmarquezol/.local/lib/python3.12/site-packages/nbconvert/nbconvertapp.py", line 563, in convert_single_notebook
    output, resources = self.export_single_notebook(
                        ^^^^^^^^^^^^^^^^^^^^^^^^^^^^
  File "/home/jmarquezol/.local/lib/python3.12/site-packages/nbconvert/nbconvertapp.py", line 487, in export_single_notebook
    output, resources = self.exporter.from_filename(
                        ^^^^^^^^^^^^^^^^^^^^^^^^^^^^
  File "/home/jmarquezol/.local/lib/python3.12/site-packages/nbconvert/exporters/exporter.py", line 201, in from_filename
    return self.from_file(f, resources=resources, **kw)
           ^^^^^^^^^^^^^^^^^^^^^^^^^^^^^^^^^^^^^^^^^^^^
  File "/home/jmarquezol/.local/lib/python3.12/site-packages/nbconvert/exporters/exporter.py", line 220, in from_file
    return self.from_notebook_node(
           ^^^^^^^^^^^^^^^^^^^^^^^^
  File "/home/jmarquezol/.local/lib/python3.12/site-packages/nbconvert/exporters/notebook.py", line 36, in from_notebook_node
    nb_copy, resources = super().from_notebook_node(nb, resources, **kw)
                         ^^^^^^^^^^^^^^^^^^^^^^^^^^^^^^^^^^^^^^^^^^^^^^^
  File "/home/jmarquezol/.local/lib/python3.12/site-packages/nbconvert/exporters/exporter.py", line 154, in from_notebook_node
    nb_copy, resources = self._preprocess(nb_copy, resources)
                         ^^^^^^^^^^^^^^^^^^^^^^^^^^^^^^^^^^^^
  File "/home/jmarquezol/.local/lib/python3.12/site-packages/nbconvert/exporters/exporter.py", line 353, in _preprocess
    nbc, resc = preprocessor(nbc, resc)
                ^^^^^^^^^^^^^^^^^^^^^^^
  File "/home/jmarquezol/.local/lib/python3.12/site-packages/nbconvert/preprocessors/base.py", line 48, in __call__
    return self.preprocess(nb, resources)
           ^^^^^^^^^^^^^^^^^^^^^^^^^^^^^^
  File "/home/jmarquezol/.local/lib/python3.12/site-packages/nbconvert/preprocessors/execute.py", line 103, in preprocess
    self.preprocess_cell(cell, resources, index)
  File "/home/jmarquezol/.local/lib/python3.12/site-packages/nbconvert/preprocessors/execute.py", line 124, in preprocess_cell
    cell = self.execute_cell(cell, index, store_history=True)
           ^^^^^^^^^^^^^^^^^^^^^^^^^^^^^^^^^^^^^^^^^^^^^^^^^^
  File "/home/jmarquezol/.local/lib/python3.12/site-packages/jupyter_core/utils/__init__.py", line 165, in wrapped
    return loop.run_until_complete(inner)
           ^^^^^^^^^^^^^^^^^^^^^^^^^^^^^^
  File "/usr/lib/python3.12/asyncio/base_events.py", line 687, in run_until_complete
    return future.result()
           ^^^^^^^^^^^^^^^
  File "/home/jmarquezol/.local/lib/python3.12/site-packages/nbclient/client.py", line 1062, in async_execute_cell
    await self._check_raise_for_error(cell, cell_index, exec_reply)
  File "/home/jmarquezol/.local/lib/python3.12/site-packages/nbclient/client.py", line 918, in _check_raise_for_error
    raise CellExecutionError.from_cell_and_msg(cell, exec_reply_content)
nbclient.exceptions.CellExecutionError: An error occurred while executing the following cell:
------------------
include("../src/thesislib.jl")
using Printf, LinearAlgebra
ITensors.disable_warn_order()

function dense_mpo_matrix(tensors, sites)
    c = tensors[1]
    for i in 2:length(tensors); c = c * tensors[i]; end
    cc = combiner(sites...); rc = combiner(prime.(sites)...)
    d = rc * c * cc
    return Matrix(d, combinedind(rc), combinedind(cc))
end

# tile the middle tensor of an m-site build over N sites and compare with the honest N-site MPO
function tiling_error(p, alg, m; N=6, dt=0.1)
    sites = [Index(2, "S=1/2,Site,n=$i") for i in 1:N]
    Ufull = expH_alcaraz(sites, 1.0, p; dt=dt, mpo_alg=alg)
    A = dense_mpo_matrix([Ufull[i] for i in 1:N], sites)

    sm = sites[1:m]
    Um = expH_alcaraz(sm, 1.0, p; dt=dt, mpo_alg=alg)
    L = linkinds(Um)
    mid = (m + 1) ÷ 2
    lmid, rmid = L[mid-1], L[mid]
    dim(lmid) == dim(rmid) || return NaN

    links = [Index(dim(lmid), "tile,l=$i") for i in 1:(N-1)]
    T = Vector{ITensor}(undef, N)
    T[1] = replaceinds(Um[1], (L[1],), (links[1],))
    for i in 2:(N-1)
        T[i] = replaceinds(Um[mid], (lmid, rmid, sm[mid], sm[mid]'), (links[i-1], links[i], sites[i], sites[i]'))
    end
    T[N] = replaceinds(Um[m], (L[m-1], sm[m], sm[m]'), (links[N-1], sites[N], sites[N]'))
    B = dense_mpo_matrix(T, sites)
    return norm(A - B) / norm(A)
end

@printf("%-6s %-5s %-14s %-14s\n", "p", "alg", "legacy (m=3)", "bulk (m=5)")
for p in (0.0, 0.1, 0.3, 0.5), alg in ("VD2", "WII")
    @printf("%-6.1f %-5s %-14.3e %-14.3e\n", p, alg, tiling_error(p, alg, 3), tiling_error(p, alg, 5))
end
------------------

----- stdout -----
p      alg   legacy (m=3)   bulk (m=5)    
0.0    VD2   0.000e+00      0.000e+00
----- stdout -----
0.0    WII   0.000e+00      0.000e+00
----- stderr -----
WARNING: Detected access to binding `Main.tiling_error` in a world prior to its definition world.
  Julia 1.12 has introduced more strict world age semantics for global bindings.
  !!! This code may malfunction under Revise.
  !!! This code will error in future versions of Julia.
Hint: Add an appropriate `invokelatest` around the access to this binding.
To make this warning an error, and hence obtain a stack trace, use `julia --depwarn=error`.
------------------

Attempting to replace the Indices

((dim=7|id=828|"Link,l=1"),)

with

((dim=13|id=658|"l=1,tile"),)

in the Index collection

((dim=7|id=828|"Link,l=1"), (dim=2|id=420|"S=1/2,Site,n=1"), (dim=2|id=420|"S=1/2,Site,n=1")').

However, the Index

(dim=7|id=828|"Link,l=1")

has a different space from the Index

(dim=13|id=658|"l=1,tile").

They must have the same spaces to be replaced.


Stacktrace:
  [1] [0m[1merror[22m[0m[1m([22m[90ms[39m::[0mString[0m[1m)[22m
[90m    @[39m [90mBase[39m [90m./[39m[90m[4merror.jl:44[24m[39m
  [2] [0m[1mreplaceinds_space_error[22m[0m[1m([22m[90mis[39m::[0mTuple[90m{…}[39m, [90minds1[39m::[0mTuple[90m{…}[39m, [90minds2[39m::[0mTuple[90m{…}[39m, [90mi1[39m::[0mITensors.Index[90m{…}[39m, [90mi2[39m::[0mITensors.Index[90m{…}[39m[0m[1m)[22m
[90m    @[39m [35mITensors[39m [90m~/.julia/packages/ITensors/6hc0c/src/[39m[90m[4mindexset.jl:575[24m[39m
  [3] [0m[1mreplaceinds[22m[0m[1m([22m[90mis[39m::[0mTuple[90m{…}[39m, [90minds1[39m::[0mTuple[90m{…}[39m, [90minds2[39m::[0mTuple[90m{…}[39m[0m[1m)[22m
[90m    @[39m [35mITensors[39m [90m~/.julia/packages/ITensors/6hc0c/src/[39m[90m[4mindexset.jl:612[24m[39m
  [4] [0m[1mreplaceinds[22m[0m[1m([22m::[0mNDTensors.DenseTensor[90m{…}[39m, ::[0mTuple[90m{…}[39m, ::[0mVararg[90m{…}[39m; [90mkwargs[39m::[0m@Kwargs[90m{}[39m[0m[1m)[22m
[90m    @[39m [35mITensors[39m [90m~/.julia/packages/ITensors/6hc0c/src/[39m[90m[4mitensor.jl:1564[24m[39m
  [5] [0m[1mreplaceinds[22m[0m[1m([22m::[0mNDTensors.DenseTensor[90m{…}[39m, ::[0mTuple[90m{…}[39m, ::[0mTuple[90m{…}[39m[0m[1m)[22m
[90m    @[39m [35mITensors[39m [90m~/.julia/packages/ITensors/6hc0c/src/[39m[90m[4mitensor.jl:1563[24m[39m
  [6] [0m[1mreplaceinds[22m[0m[1m([22m::[0mITensors.ITensor, ::[0mTuple[90m{ITensors.Index{Int64}}[39m, ::[0mVararg[90m{Tuple{ITensors.Index{…}}}[39m; [90mkwargs[39m::[0m@Kwargs[90m{}[39m[0m[1m)[22m
[90m    @[39m [35mITensors[39m [90m~/.julia/packages/ITensors/6hc0c/src/[39m[90m[4mitensor.jl:1559[24m[39m
  [7] [0m[1mtiling_error[22m[0m[1m([22m[90mp[39m::[0mFloat64, [90malg[39m::[0mString, [90mm[39m::[0mInt64; [90mN[39m::[0mInt64, [90mdt[39m::[0mFloat64[0m[1m)[22m
[90m    @[39m [36mMain[39m [90m./[39m[90m[4mIn[1]:28[24m[39m
  [8] [0m[1mtiling_error[22m
[90m    @[39m [90m./[39m[90m[4mIn[1]:14[24m[39m[90m [inlined][39m
  [9] top-level scope
[90m    @[39m [90m./[39m[90m[4mIn[1]:39[24m[39m
 [10] [0m[1meval[22m[0m[1m([22m[90mm[39m::[0mModule, [90me[39m::[0mAny[0m[1m)[22m
[90m    @[39m [90mCore[39m [90m./[39m[90m[4mboot.jl:489[24m[39m
Some type information was truncated. Use `show(err)` to see complete types.

ALLDONE
