
[1030143] signal 15: Terminated
in expression starting at /home/jmarquezol/Documents/masters/master-thesis-BSC/cluster/wall_scan_cluster.jl:259
unknown function (ip: 0x777a05698e4f) at /lib/x86_64-linux-gnu/libc.so.6
pthread_cond_wait at /lib/x86_64-linux-gnu/libc.so.6 (unknown line)
uv_cond_wait at /workspace/srcdir/libuv/src/unix/thread.c:822
ijl_task_get_next at /cache/build/builder-amdci5-3/julialang/julia-release-1-dot-12/src/scheduler.c:523
poptask at ./task.jl:1216
wait at ./task.jl:1228
#wait#398 at ./condition.jl:141
_trywait at ./asyncevent.jl:163
profile_printing_listener at ./Base.jl:332
#start_profile_listener##0 at ./Base.jl:352
jfptr_YY.start_profile_listenerYY.YY.0_6779.1 at /home/jmarquezol/.julia/juliaup/julia-1.12.5+0.x64.linux.gnu/lib/julia/sys.so (unknown line)
jl_apply at /cache/build/builder-amdci5-3/julialang/julia-release-1-dot-12/src/julia.h:2391 [inlined]
start_task at /cache/build/builder-amdci5-3/julialang/julia-release-1-dot-12/src/task.c:1252
unknown function (ip: (nil)) at (unknown file)
exec_blas_async_wait at /home/jmarquezol/.julia/juliaup/julia-1.12.5+0.x64.linux.gnu/bin/../lib/julia/libopenblas64_.so (unknown line)
exec_blas at /home/jmarquezol/.julia/juliaup/julia-1.12.5+0.x64.linux.gnu/bin/../lib/julia/libopenblas64_.so (unknown line)
zger_thread_C at /home/jmarquezol/.julia/juliaup/julia-1.12.5+0.x64.linux.gnu/bin/../lib/julia/libopenblas64_.so (unknown line)
zgerc_64_ at /home/jmarquezol/.julia/juliaup/julia-1.12.5+0.x64.linux.gnu/bin/../lib/julia/libopenblas64_.so (unknown line)
zlarf_64_ at /home/jmarquezol/.julia/juliaup/julia-1.12.5+0.x64.linux.gnu/bin/../lib/julia/libopenblas64_.so (unknown line)
zgeqr2_64_ at /home/jmarquezol/.julia/juliaup/julia-1.12.5+0.x64.linux.gnu/bin/../lib/julia/libopenblas64_.so (unknown line)
zgeqrf_64_ at /home/jmarquezol/.julia/juliaup/julia-1.12.5+0.x64.linux.gnu/bin/../lib/julia/libopenblas64_.so (unknown line)
zgesdd_64_ at /home/jmarquezol/.julia/juliaup/julia-1.12.5+0.x64.linux.gnu/bin/../lib/julia/libopenblas64_.so (unknown line)
gesdd! at /cache/build/builder-amdci5-3/julialang/julia-release-1-dot-12/usr/share/julia/stdlib/v1.12/LinearAlgebra/src/lapack.jl:1698
_svd! at /cache/build/builder-amdci5-3/julialang/julia-release-1-dot-12/usr/share/julia/stdlib/v1.12/LinearAlgebra/src/svd.jl:125 [inlined]
#svd!#119 at /cache/build/builder-amdci5-3/julialang/julia-release-1-dot-12/usr/share/julia/stdlib/v1.12/LinearAlgebra/src/svd.jl:105
svd! at /cache/build/builder-amdci5-3/julialang/julia-release-1-dot-12/usr/share/julia/stdlib/v1.12/LinearAlgebra/src/svd.jl:100 [inlined]
#svd#121 at /cache/build/builder-amdci5-3/julialang/julia-release-1-dot-12/usr/share/julia/stdlib/v1.12/LinearAlgebra/src/svd.jl:180
svd at /cache/build/builder-amdci5-3/julialang/julia-release-1-dot-12/usr/share/julia/stdlib/v1.12/LinearAlgebra/src/svd.jl:179 [inlined]
#svd#1 at /home/jmarquezol/.julia/packages/NDTensors/gWcwD/src/lib/Expose/src/functions/linearalgebra.jl:28 [inlined]
svd at /home/jmarquezol/.julia/packages/NDTensors/gWcwD/src/lib/Expose/src/functions/linearalgebra.jl:27 [inlined]
#svd_catch_error#88 at /home/jmarquezol/.julia/packages/NDTensors/gWcwD/src/linearalgebra/linearalgebra.jl:40
svd_catch_error at /home/jmarquezol/.julia/packages/NDTensors/gWcwD/src/linearalgebra/linearalgebra.jl:38 [inlined]
#svd#89 at /home/jmarquezol/.julia/packages/NDTensors/gWcwD/src/linearalgebra/linearalgebra.jl:93
svd at /home/jmarquezol/.julia/packages/NDTensors/gWcwD/src/linearalgebra/linearalgebra.jl:80
unknown function (ip: 0x7779c23906dd) at (unknown file)
#svd#304 at /home/jmarquezol/.julia/packages/ITensors/6hc0c/src/tensor_operations/matrix_decomposition.jl:162
svd at /home/jmarquezol/.julia/packages/ITensors/6hc0c/src/tensor_operations/matrix_decomposition.jl:110
unknown function (ip: 0x7779c23839cd) at (unknown file)
#truncate!#422 at /home/jmarquezol/.julia/packages/ITensorMPS/fZDBz/src/abstractmps.jl:1716
truncate! at /home/jmarquezol/.julia/packages/ITensorMPS/fZDBz/src/abstractmps.jl:1701 [inlined]
#truncate!#421 at /home/jmarquezol/.julia/packages/ITensorMPS/fZDBz/src/abstractmps.jl:1698
truncate! at /home/jmarquezol/.julia/packages/ITensorMPS/fZDBz/src/abstractmps.jl:1697 [inlined]
#lincomb_mps#28 at /home/jmarquezol/Documents/masters/master-thesis-BSC/src/transverse_tools.jl:85
lincomb_mps at /home/jmarquezol/Documents/masters/master-thesis-BSC/src/transverse_tools.jl:78 [inlined]
#block_transfer_eigs#30 at /home/jmarquezol/Documents/masters/master-thesis-BSC/src/transverse_tools.jl:266
block_transfer_eigs at /home/jmarquezol/Documents/masters/master-thesis-BSC/src/transverse_tools.jl:150 [inlined]
#block_transfer_eigs_adaptive#63 at /home/jmarquezol/Documents/masters/master-thesis-BSC/src/transverse_tools.jl:797
block_transfer_eigs_adaptive at /home/jmarquezol/Documents/masters/master-thesis-BSC/src/transverse_tools.jl:792
unknown function (ip: 0x7779c2dfb7ac) at (unknown file)
macro expansion at /home/jmarquezol/Documents/masters/master-thesis-BSC/cluster/wall_scan_cluster.jl:141 [inlined]
macro expansion at ./timing.jl:461 [inlined]
#run_wall_scan#75 at /home/jmarquezol/Documents/masters/master-thesis-BSC/cluster/wall_scan_cluster.jl:122
run_wall_scan at /home/jmarquezol/Documents/masters/master-thesis-BSC/cluster/wall_scan_cluster.jl:58
unknown function (ip: 0x7779ef975963) at (unknown file)
jl_apply at /cache/build/builder-amdci5-3/julialang/julia-release-1-dot-12/src/julia.h:2391 [inlined]
do_call at /cache/build/builder-amdci5-3/julialang/julia-release-1-dot-12/src/interpreter.c:123
eval_value at /cache/build/builder-amdci5-3/julialang/julia-release-1-dot-12/src/interpreter.c:243
eval_stmt_value at /cache/build/builder-amdci5-3/julialang/julia-release-1-dot-12/src/interpreter.c:194 [inlined]
eval_body at /cache/build/builder-amdci5-3/julialang/julia-release-1-dot-12/src/interpreter.c:707
jl_interpret_toplevel_thunk at /cache/build/builder-amdci5-3/julialang/julia-release-1-dot-12/src/interpreter.c:898
jl_toplevel_eval_flex at /cache/build/builder-amdci5-3/julialang/julia-release-1-dot-12/src/toplevel.c:1035
jl_toplevel_eval_flex at /cache/build/builder-amdci5-3/julialang/julia-release-1-dot-12/src/toplevel.c:975
ijl_toplevel_eval at /cache/build/builder-amdci5-3/julialang/julia-release-1-dot-12/src/toplevel.c:1047
ijl_toplevel_eval_in at /cache/build/builder-amdci5-3/julialang/julia-release-1-dot-12/src/toplevel.c:1092
eval at ./boot.jl:489
include_string at ./loading.jl:2870
_include at ./loading.jl:2930
include at ./Base.jl:306
exec_options at ./client.jl:317
_start at ./client.jl:550
jfptr__start_74358.1 at /home/jmarquezol/.julia/juliaup/julia-1.12.5+0.x64.linux.gnu/lib/julia/sys.so (unknown line)
jl_apply at /cache/build/builder-amdci5-3/julialang/julia-release-1-dot-12/src/julia.h:2391 [inlined]
true_main at /cache/build/builder-amdci5-3/julialang/julia-release-1-dot-12/src/jlapi.c:971
jl_repl_entrypoint at /cache/build/builder-amdci5-3/julialang/julia-release-1-dot-12/src/jlapi.c:1139
main at /cache/build/builder-amdci5-3/julialang/julia-release-1-dot-12/cli/loader_exe.c:58
unknown function (ip: 0x777a0562a1c9) at /lib/x86_64-linux-gnu/libc.so.6
__libc_start_main at /lib/x86_64-linux-gnu/libc.so.6 (unknown line)
unknown function (ip: 0x4010b8) at /workspace/srcdir/glibc-2.17/csu/../sysdeps/x86_64/start.S
unknown function (ip: (nil)) at (unknown file)
Allocations: 204191478 (Pool: 204189811; Big: 1667); GC: 1131
[ Info: Checking symmetry MPO tensor on physical(space) => bond(time) indices
┌ Warning: Tensor *not* symmetric (dim=2|id=230|"S=1/2,Site") <-> (dim=2|id=230|"S=1/2,Site")', normdiff = 0.27616420236277306
└ @ ITransverse ~/.julia/packages/ITransverse/8pmYI/src/ITenUtils/itensor_utils.jl:93
[ Info: Checking symmetry MPO tensor on bond(space) => phys(time) indices
┌ Warning: Tensor *not* symmetric (dim=7|id=110|"Link,l=1") <-> (dim=7|id=794|"Link,l=2"), normdiff = 1.3391131620216263
└ @ ITransverse ~/.julia/packages/ITransverse/8pmYI/src/ITenUtils/itensor_utils.jl:93
[ Info: Checking symmetry MPO tensor on physical(space) => bond(time) indices
┌ Warning: Tensor *not* symmetric (dim=2|id=591|"S=1/2,Site") <-> (dim=2|id=591|"S=1/2,Site")', normdiff = 0.27616420236277306
└ @ ITransverse ~/.julia/packages/ITransverse/8pmYI/src/ITenUtils/itensor_utils.jl:93
[ Info: Checking symmetry MPO tensor on bond(space) => phys(time) indices
┌ Warning: Tensor *not* symmetric (dim=7|id=128|"Link,l=1") <-> (dim=7|id=978|"Link,l=2"), normdiff = 1.564254623300947
└ @ ITransverse ~/.julia/packages/ITransverse/8pmYI/src/ITenUtils/itensor_utils.jl:93
[ Info: Checking symmetry MPO tensor on physical(space) => bond(time) indices
┌ Warning: Tensor *not* symmetric (dim=2|id=82|"S=1/2,Site") <-> (dim=2|id=82|"S=1/2,Site")', normdiff = 0.27616420236277306
└ @ ITransverse ~/.julia/packages/ITransverse/8pmYI/src/ITenUtils/itensor_utils.jl:93
[ Info: Checking symmetry MPO tensor on bond(space) => phys(time) indices
┌ Warning: Tensor *not* symmetric (dim=7|id=263|"Link,l=1") <-> (dim=7|id=332|"Link,l=2"), normdiff = 1.3391131620216263
└ @ ITransverse ~/.julia/packages/ITransverse/8pmYI/src/ITenUtils/itensor_utils.jl:93
[ Info: Checking symmetry MPO tensor on physical(space) => bond(time) indices
┌ Warning: Tensor *not* symmetric (dim=2|id=756|"S=1/2,Site") <-> (dim=2|id=756|"S=1/2,Site")', normdiff = 0.27616420236277306
└ @ ITransverse ~/.julia/packages/ITransverse/8pmYI/src/ITenUtils/itensor_utils.jl:93
[ Info: Checking symmetry MPO tensor on bond(space) => phys(time) indices
┌ Warning: Tensor *not* symmetric (dim=7|id=784|"Link,l=1") <-> (dim=7|id=848|"Link,l=2"), normdiff = 1.564254623300947
└ @ ITransverse ~/.julia/packages/ITransverse/8pmYI/src/ITenUtils/itensor_utils.jl:93
[ Info: [tower_p0.5_bulk] T=2.0  converged@64  k=8  |θ0|=2.0064  gap=0.929  peak=NaN  r=[]  1946s
[ Info: [tower_p0.5_bulk] ladder complete — checkpoint kept at T=2.0 for a later extension
[tower_p0.5_bulk] cache: /home/jmarquezol/Documents/masters/master-thesis-BSC/cluster/../results/data/cluster/sweep_tower_p0.5_bulk.jld2  (1/1 points done)
[ Info: [tower_p0.5_bulk] ladder complete — checkpoint kept at T=2.0 for a later extension
[tower_p0.5_bulk] cache: /home/jmarquezol/Documents/masters/master-thesis-BSC/cluster/../results/data/cluster/sweep_tower_p0.5_bulk.jld2  (1/1 points done)
ALLDONE
