Trotter drift: |psi| after 8 VD2 layers on |X+>, N=100

  p     dt       after 1      after 8     
  0.5   0.10     1.002621     1.021468    
  0.5   0.05     1.000128     1.000924    
  1.0   0.10     1.027982     1.563452    
  1.0   0.05     1.001476     1.019156    
  1.5   0.10     1.130979     6.963777    
  1.5   0.05     1.006633     1.091031    

v_inf extrapolation at the tier-2 couplings

  ring p=1.0 N=10  v=7.2534
  ring p=1.0 N=12  v=7.5020
  ring p=1.0 N=14  v=7.6674
  ring p=1.0 N=16  v=7.7824
  ring p=1.0 N=18  v=7.8653
  p=1.0  v_inf = 8.12650  C = -88.23  max resid 1.18e-02
  ring p=1.5 N=10  v=9.4140
  ring p=1.5 N=12  v=9.7946
  ring p=1.5 N=14  v=10.0594
  ring p=1.5 N=16  v=10.2504
  ring p=1.5 N=18  v=10.3921
  p=1.5  v_inf = 10.79924  C = -140.69  max resid 2.76e-02

equilibrium chord fits, N=400

  p=1.0  c = 0.5036
  p=1.5  c = 0.5055
PRECHECK-DONE
ALLDONE
